==================
WARNING: ThreadSanitizer: data race (pid=9390)
  Write of size 4 at 0x7fe41a16b024 by thread T3:
    #0 ap_update_child_status_from_indexes /home/jason/github/ConAnalysis/concurrency-exploits/apache-21287/httpd-2.0.48/server/scoreboard.c:422:24 (httpd+0x00000057fa87)
    #1 worker_thread /home/jason/github/ConAnalysis/concurrency-exploits/apache-21287/httpd-2.0.48/server/mpm/worker/worker.c:933:9 (httpd+0x00000054ac86)
    #2 dummy_worker /home/jason/github/ConAnalysis/concurrency-exploits/apache-21287/httpd-2.0.48/srclib/apr/threadproc/unix/thread.c:127:12 (libapr-0.so.0+0x00000003977b)

  Previous write of size 4 at 0x7fe41a16b024 by thread T2:
    #0 ap_update_child_status_from_indexes /home/jason/github/ConAnalysis/concurrency-exploits/apache-21287/httpd-2.0.48/server/scoreboard.c:422:24 (httpd+0x00000057fa87)
    #1 worker_thread /home/jason/github/ConAnalysis/concurrency-exploits/apache-21287/httpd-2.0.48/server/mpm/worker/worker.c:933:9 (httpd+0x00000054ac86)
    #2 dummy_worker /home/jason/github/ConAnalysis/concurrency-exploits/apache-21287/httpd-2.0.48/srclib/apr/threadproc/unix/thread.c:127:12 (libapr-0.so.0+0x00000003977b)

  Thread T3 (tid=9394, running) created by thread T1 at:
    #0 pthread_create /home/jason/downloads/llvm-3.8.0.src/projects/compiler-rt/lib/tsan/rtl/tsan_interceptors.cc:954 (httpd+0x000000465b23)
    #1 apr_thread_create /home/jason/github/ConAnalysis/concurrency-exploits/apache-21287/httpd-2.0.48/srclib/apr/threadproc/unix/thread.c:165:17 (libapr-0.so.0+0x0000000396bf)
    #2 start_threads /home/jason/github/ConAnalysis/concurrency-exploits/apache-21287/httpd-2.0.48/server/mpm/worker/worker.c:1090:18 (httpd+0x00000054a319)
    #3 dummy_worker /home/jason/github/ConAnalysis/concurrency-exploits/apache-21287/httpd-2.0.48/srclib/apr/threadproc/unix/thread.c:127:12 (libapr-0.so.0+0x00000003977b)

  Thread T2 (tid=9393, running) created by thread T1 at:
    #0 pthread_create /home/jason/downloads/llvm-3.8.0.src/projects/compiler-rt/lib/tsan/rtl/tsan_interceptors.cc:954 (httpd+0x000000465b23)
    #1 apr_thread_create /home/jason/github/ConAnalysis/concurrency-exploits/apache-21287/httpd-2.0.48/srclib/apr/threadproc/unix/thread.c:165:17 (libapr-0.so.0+0x0000000396bf)
    #2 start_threads /home/jason/github/ConAnalysis/concurrency-exploits/apache-21287/httpd-2.0.48/server/mpm/worker/worker.c:1090:18 (httpd+0x00000054a319)
    #3 dummy_worker /home/jason/github/ConAnalysis/concurrency-exploits/apache-21287/httpd-2.0.48/srclib/apr/threadproc/unix/thread.c:127:12 (libapr-0.so.0+0x00000003977b)

SUMMARY: ThreadSanitizer: data race /home/jason/github/ConAnalysis/concurrency-exploits/apache-21287/httpd-2.0.48/server/scoreboard.c:422:24 in ap_update_child_status_from_indexes
==================
